 movid |          title          
-------+-------------------------
  1003 | Luca
  1004 | The Dig
  1006 | Psycho Goreman
  1007 | The Tomorrow War
  1008 | Space Jam: A New Legacy
  1013 | Pig
(6 rows)

