  userid   
-----------
 veronica4
 jack23ss
 tdude
 jill33
(4 rows)

