        title         | releasedate | rating 
----------------------+-------------+--------
 Casablanca           | 1942-11-26  |      8
 Ben-Hur              | 1959-11-18  |      8
 The Dig              | 2021-01-29  |      7
 Pig                  | 2021-07-16  |      7
 Gandahar             | 1989-09-20  |      6
 Under the Tuscan Sun | 2003-09-26  |      6
 Luca                 | 2021-06-18  |      4
(7 rows)

