        title         | releasedate 
----------------------+-------------
 Les maitres du temps | 1984-07-20
 Gandahar             | 1989-09-20
(2 rows)

