        title         | releasedate 
----------------------+-------------
 Casablanca           | 1942-11-26
 Under the Tuscan Sun | 2003-09-26
(2 rows)

