 movid |             title             |    country     | duration | releasedate | description | movid | genre  
-------+-------------------------------+----------------+----------+-------------+-------------+-------+--------
  1003 | Luca                          | United States  |       95 | 2021-06-18  |             |  1003 | Comedy
  1006 | Psycho Goreman                | Canada         |       95 | 2021-01-22  |             |  1006 | Comedy
  1008 | Space Jam: A New Legacy       | United States  |      115 | 2021-07-16  |             |  1008 | Comedy
  1011 | Under the Tuscan Sun          | United States  |      113 | 2003-09-26  |             |  1011 | Comedy
  1012 | Life Is Beautiful             | Italy          |      116 | 1997-12-20  |             |  1012 | Comedy
  1014 | The Rocky Horror Picture Show | United Kingdom |      100 | 1975-08-31  |             |  1014 | Comedy
(6 rows)

  userid  | movid | reviewdate | rating | reviewtxt |  userid  |    uname    |         email          | dateofbirth 
----------+-------+------------+--------+-----------+----------+-------------+------------------------+-------------
 pdueller |  1001 | 2019-02-03 |      6 |           | pdueller | Penny Drego | cinebuff@movieinfo.com | 1983-07-08
 pdueller |  1002 | 2018-12-23 |      5 |           | pdueller | Penny Drego | cinebuff@movieinfo.com | 1983-07-08
 pdueller |  1003 | 2021-07-23 |      7 |           | pdueller | Penny Drego | cinebuff@movieinfo.com | 1983-07-08
 pdueller |  1006 | 2021-07-30 |      5 |           | pdueller | Penny Drego | cinebuff@movieinfo.com | 1983-07-08
 pdueller |  1005 | 2020-11-21 |      7 |           | pdueller | Penny Drego | cinebuff@movieinfo.com | 1983-07-08
 pdueller |  1010 | 2019-10-11 |      8 |           | pdueller | Penny Drego | cinebuff@movieinfo.com | 1983-07-08
 pdueller |  1013 | 2021-07-19 |      6 |           | pdueller | Penny Drego | cinebuff@movieinfo.com | 1983-07-08
(7 rows)

 movid |             title             | releasedate |     avgrating      
-------+-------------------------------+-------------+--------------------
  1012 | Life Is Beautiful             | 1997-12-20  | 8.0000000000000000
  1011 | Under the Tuscan Sun          | 2003-09-26  | 7.2000000000000000
  1001 | Casablanca                    | 1942-11-26  | 7.1428571428571429
  1002 | Ben-Hur                       | 1959-11-18  | 7.1428571428571429
  1010 | Gandahar                      | 1989-09-20  | 7.0000000000000000
  1004 | The Dig                       | 2021-01-29  | 7.0000000000000000
  1009 | Les maitres du temps          | 1984-07-20  | 6.5000000000000000
  1003 | Luca                          | 2021-06-18  | 5.6666666666666667
  1013 | Pig                           | 2021-07-16  | 5.6666666666666667
  1014 | The Rocky Horror Picture Show | 1975-08-31  | 5.5000000000000000
  1005 | Ben-Hur                       | 2016-08-19  | 5.2500000000000000
  1006 | Psycho Goreman                | 2021-01-22  | 5.0000000000000000
  1008 | Space Jam: A New Legacy       | 2021-07-16  | 4.0000000000000000
(13 rows)

        title         | releasedate |     avgrating      
----------------------+-------------+--------------------
 Life Is Beautiful    | 1997-12-20  | 8.0000000000000000
 Under the Tuscan Sun | 2003-09-26  | 7.2000000000000000
(2 rows)

