             title             | releasedate 
-------------------------------+-------------
 The Rocky Horror Picture Show | 1975-08-31
 Life Is Beautiful             | 1997-12-20
(2 rows)

